Microchip MPLAB XC8 Compiler V2.10 ()

Linker command line:

-W-3 --edf=E:\Programms\Micro\pic\dat\en_msgs.txt -cs \
  -h+dist/Default/production\NixieClockBase.X.production.sym \
  --cmf=dist/Default/production\NixieClockBase.X.production.cmf -z \
  -Q16F628A -oC:\Users\georg\AppData\Local\Temp\sl14.2 \
  --defsym=__MPLAB_BUILD=1 \
  -Mdist/Default/production/NixieClockBase.X.production.map -E1 -ver=XC8 \
  --acfsm=1493 -ASTACK=0A0h-0EFh -pstack=STACK -ACODE=00h-07FFh \
  -ASTRCODE=00h-07FFh -ASTRING=00h-0FFhx8 -ACONST=00h-0FFhx8 \
  -AENTRY=00h-0FFhx8 -ACOMMON=070h-07Fh -ABANK0=020h-06Fh -ABANK1=0A0h-0EFh \
  -ABANK2=0120h-014Fh -ARAM=020h-06Fh,0A0h-0EFh,0120h-014Fh \
  -AABS1=020h-07Fh,0A0h-0EFh,0120h-014Fh -ASFR0=00h-01Fh -ASFR1=080h-09Fh \
  -ASFR2=0100h-011Fh -ASFR3=0180h-01EFh \
  -preset_vec=00h,intentry=04h,init,end_init -ppowerup=CODE -pcinit=CODE \
  -pfunctab=ENTRY -ACONFIG=02007h-02007h -pconfig=CONFIG -DCONFIG=2 \
  -AIDLOC=02000h-02003h -pidloc=IDLOC -DIDLOC=2 -AEEDATA=00h-07Fh/02100h \
  -peeprom_data=EEDATA -DEEDATA=2 -DCODE=2 -DSTRCODE=2 -DSTRING=2 -DCONST=2 \
  -DENTRY=2 -k C:\Users\georg\AppData\Local\Temp\sl14.o \
  dist/Default/production\NixieClockBase.X.production.o 

Object code version is 3.11

Machine type is 16F628A



                Name                               Link     Load   Length Selector   Space Scale
C:\Users\georg\AppData\Local\Temp\sl14.o
                end_init                              A        A        1        8       0
                reset_vec                             0        0        1        0       0
                config                             2007     2007        1     400E       0
dist/Default/production\NixieClockBase.X.production.o
                cinit                                 B        B       12        8       0
                intentry                              4        4        6        8       0
                text15                              444      444        7        8       0
                text14                              450      450        5        8       0
                text13                              3B8      3B8       2B        8       0
                text12                              31A      31A       67        8       0
                text11                              3E3      3E3       25        8       0
                text10                              408      408       1E        8       0
                text9                               426      426        D        8       0
                text8                               189      189       9D        8       0
                text7                               226      226       87        8       0
                text6                               44B      44B        5        8       0
                text5                               455      455        1        8       0
                text4                               2AD      2AD       6D        8       0
                text3                               381      381       37        8       0
                text2                                1D       1D       B9        8       0
                text1                               433      433        9        8       0
                maintext                             D6       D6       B3        8       0
                cstackBANK0                          20       20       31       20       1
                cstackCOMMON                         70       70        C       70       1
                dataBANK0                            51       51        8       20       1
                idataBANK0                          43C      43C        8        8       0

TOTAL           Name                               Link     Load   Length     Space
        CLASS   STACK          

        CLASS   CODE           
                end_init                              A        A        1         0
                cinit                                 B        B       12         0
                intentry                              4        4        6         0
                reset_vec                             0        0        1         0
                text15                              444      444        7         0
                text14                              450      450        5         0
                text13                              3B8      3B8       2B         0
                text12                              31A      31A       67         0
                text11                              3E3      3E3       25         0
                text10                              408      408       1E         0
                text9                               426      426        D         0
                text8                               189      189       9D         0
                text7                               226      226       87         0
                text6                               44B      44B        5         0
                text5                               455      455        1         0
                text4                               2AD      2AD       6D         0
                text3                               381      381       37         0
                text2                                1D       1D       B9         0
                text1                               433      433        9         0
                maintext                             D6       D6       B3         0
                idataBANK0                          43C      43C        8         0

        CLASS   STRCODE        

        CLASS   STRING         

        CLASS   CONST          

        CLASS   ENTRY          

        CLASS   COMMON         
                cstackCOMMON                         70       70        C         1

        CLASS   BANK0          
                cstackBANK0                          20       20       31         1
                dataBANK0                            51       51        8         1

        CLASS   BANK1          

        CLASS   BANK2          

        CLASS   RAM            

        CLASS   ABS1           
                abs_s1                               7E       7E        2         1

        CLASS   SFR0           

        CLASS   SFR1           

        CLASS   SFR2           

        CLASS   SFR3           

        CLASS   CONFIG         
                config                             2007     2007        1         0

        CLASS   IDLOC          

        CLASS   EEDATA         

        CLASS   BANK3          



SEGMENTS        Name                           Load    Length   Top    Selector   Space  Class     Delta

                reset_vec                      000000  000001  000001         0       0  CODE        2
                intentry                       000004  000452  000456         8       0  CODE        2
                cstackBANK0                    000020  000039  000059        20       1  BANK0       1
                cstackCOMMON                   000070  00000C  00007C        70       1  COMMON      1
                config                         002007  000001  002008      400E       0  CONFIG      2


UNUSED ADDRESS RANGES

        Name                Unused          Largest block    Delta
        BANK0            0059-006F             17           1
        BANK1            00A0-00EF             50           1
        BANK2            0120-014F             30           1
        CODE             0001-0003              3           2
                         0456-07FF            3AA
        COMMON           007C-007D              2           1
        CONST            0001-0003              3           2
                         0456-07FF            100
        EEDATA           2100-217F             80           2
        ENTRY            0001-0003              3           2
                         0456-07FF            100
        IDLOC            2000-2003              4           2
        RAM              0059-006F             17           1
                         00A0-00EF             50
                         0120-014F             30
        SFR0             0000-001F             20           1
        SFR1             0080-009F             20           1
        SFR2             0100-011F             20           1
        SFR3             0180-01EF             70           1
        STACK            00A0-00EF             50           1
        STRCODE          0001-0003              3           2
                         0456-07FF            3AA
        STRING           0001-0003              3           2
                         0456-07FF            100

                                  Symbol Table

?___aldiv                     cstackCOMMON 0072
?___almod                     cstackBANK0  0026
?___awdiv                     cstackCOMMON 0072
?___wmul                      cstackCOMMON 0072
?_incrementTime               cstackCOMMON 0072
_CCP1CON                      (abs)        0017
_CCPR1L                       (abs)        0015
_CM0                          (abs)        00F8
_CM1                          (abs)        00F9
_CM2                          (abs)        00FA
_ConfigureOscillator          text14       0450
_InitApp                      text13       03B8
_OSCF                         (abs)        0473
_PCON                         (abs)        008E
_PR2                          (abs)        0092
_RA0                          (abs)        0028
_RA1                          (abs)        0029
_RA2                          (abs)        002A
_RA3                          (abs)        002B
_RA4                          (abs)        002C
_RA5                          (abs)        002D
_RA6                          (abs)        002E
_RA7                          (abs)        002F
_RB0                          (abs)        0030
_RB1                          (abs)        0031
_RB2                          (abs)        0032
_RB3                          (abs)        0033
_RB4                          (abs)        0034
_RB5                          (abs)        0035
_RB6                          (abs)        0036
_RB7                          (abs)        0037
_T1CKPS0                      (abs)        0084
_T1CKPS1                      (abs)        0085
_T1OSCEN                      (abs)        0083
_T2CON                        (abs)        0012
_TMR1CS                       (abs)        0081
_TMR1H                        (abs)        000F
_TMR1ON                       (abs)        0080
_TRISA                        (abs)        0085
_TRISA1                       (abs)        0429
_TRISA2                       (abs)        042A
_TRISA4                       (abs)        042C
_TRISA5                       (abs)        042D
_TRISB                        (abs)        0086
_TRISB6                       (abs)        0436
_TRISB7                       (abs)        0437
_VR0                          (abs)        04F8
_VR1                          (abs)        04F9
_VR2                          (abs)        04FA
_VR3                          (abs)        04FB
_VREN                         (abs)        04FF
_VROE                         (abs)        04FE
_VRR                          (abs)        04FD
__CFG_BOREN$ON                (abs)        0000
__CFG_CP$OFF                  (abs)        0000
__CFG_CPD$OFF                 (abs)        0000
__CFG_FOSC$INTOSCIO           (abs)        0000
__CFG_LVP$OFF                 (abs)        0000
__CFG_MCLRE$OFF               (abs)        0000
__CFG_PWRTE$OFF               (abs)        0000
__CFG_WDTE$OFF                (abs)        0000
__Habs1                       abs1         0000
__Hbank0                      bank0        0000
__Hbank1                      bank1        0000
__Hbank2                      bank2        0000
__Hbank3                      bank3        0000
__Hcinit                      cinit        001D
__Hclrtext                    clrtext      0000
__Hcode                       code         0000
__Hcommon                     common       0000
__Hconfig                     config       2008
__HcstackBANK0                cstackBANK0  0000
__HcstackCOMMON               cstackCOMMON 0000
__HdataBANK0                  dataBANK0    0000
__Heeprom_data                eeprom_data  0000
__Hend_init                   end_init     000B
__Hfunctab                    functab      0000
__HidataBANK0                 idataBANK0   0000
__Hidloc                      idloc        0000
__Hinit                       init         000A
__Hintentry                   intentry     000A
__Hmaintext                   maintext     0000
__Hpowerup                    powerup      0000
__Hram                        ram          0000
__Hreset_vec                  reset_vec    0001
__Hsfr0                       sfr0         0000
__Hsfr1                       sfr1         0000
__Hsfr2                       sfr2         0000
__Hsfr3                       sfr3         0000
__Hspace_0                    (abs)        2008
__Hspace_1                    (abs)        007C
__Hspace_2                    (abs)        0000
__Hspace_3                    (abs)        0000
__Hstack                      stack        0000
__Hstrings                    strings      0000
__Htext                       text         0000
__Labs1                       abs1         0000
__Lbank0                      bank0        0000
__Lbank1                      bank1        0000
__Lbank2                      bank2        0000
__Lbank3                      bank3        0000
__Lcinit                      cinit        000B
__Lclrtext                    clrtext      0000
__Lcode                       code         0000
__Lcommon                     common       0000
__Lconfig                     config       2007
__LcstackBANK0                cstackBANK0  0000
__LcstackCOMMON               cstackCOMMON 0000
__LdataBANK0                  dataBANK0    0000
__Leeprom_data                eeprom_data  0000
__Lend_init                   end_init     000A
__Lfunctab                    functab      0000
__LidataBANK0                 idataBANK0   0000
__Lidloc                      idloc        0000
__Linit                       init         000A
__Lintentry                   intentry     0004
__Lmaintext                   maintext     0000
__Lpowerup                    powerup      0000
__Lram                        ram          0000
__Lreset_vec                  reset_vec    0000
__Lsfr0                       sfr0         0000
__Lsfr1                       sfr1         0000
__Lsfr2                       sfr2         0000
__Lsfr3                       sfr3         0000
__Lspace_0                    (abs)        0000
__Lspace_1                    (abs)        0000
__Lspace_2                    (abs)        0000
__Lspace_3                    (abs)        0000
__Lstack                      stack        0000
__Lstrings                    strings      0000
__Ltext                       text         0000
__S0                          (abs)        2008
__S1                          (abs)        007C
__S2                          (abs)        0000
__S3                          (abs)        0000
___aldiv                      text8        0189
___aldiv@counter              cstackBANK0  0020
___aldiv@dividend             cstackCOMMON 0076
___aldiv@divisor              cstackCOMMON 0072
___aldiv@quotient             cstackBANK0  0022
___aldiv@sign                 cstackBANK0  0021
___almod                      text7        0226
___almod@counter              cstackBANK0  002E
___almod@dividend             cstackBANK0  002A
___almod@divisor              cstackBANK0  0026
___almod@sign                 cstackBANK0  002F
___awdiv                      text12       031A
___awdiv@counter              cstackCOMMON 0077
___awdiv@dividend             cstackCOMMON 0074
___awdiv@divisor              cstackCOMMON 0072
___awdiv@quotient             cstackCOMMON 0079
___awdiv@sign                 cstackCOMMON 0078
___int_sp                     stack        0000
___latbits                    (abs)        0000
___sp                         stack        0000
___stackhi                    (abs)        0000
___stacklo                    (abs)        0000
___wmul                       text11       03E3
___wmul@multiplicand          cstackCOMMON 0074
___wmul@multiplier            cstackCOMMON 0072
___wmul@product               cstackCOMMON 0076
__end_of_ConfigureOscillator  text14       0455
__end_of_InitApp              text13       03E3
__end_of___aldiv              text8        0226
__end_of___almod              text7        02AD
__end_of___awdiv              text12       0381
__end_of___wmul               text11       0408
__end_of__initialization      cinit        001B
__end_of_delayOff             text6        0450
__end_of_delayOn              text5        0456
__end_of_digit                text4        031A
__end_of_incrementTime        text10       0426
__end_of_isr                  text15       044B
__end_of_light                text3        03B8
__end_of_main                 maintext     0189
__end_of_pwm                  text9        0433
__end_of_showNumber           text2        00D6
__end_of_timer                text1        043C
__initialization              cinit        000B
__pcstackBANK0                cstackBANK0  0020
__pcstackCOMMON               cstackCOMMON 0070
__pdataBANK0                  dataBANK0    0051
__pidataBANK0                 idataBANK0   043C
__pintentry                   intentry     0004
__pmaintext                   maintext     00D6
__ptext1                      text1        0433
__ptext10                     text10       0408
__ptext11                     text11       03E3
__ptext12                     text12       031A
__ptext13                     text13       03B8
__ptext14                     text14       0450
__ptext15                     text15       0444
__ptext2                      text2        001D
__ptext3                      text3        0381
__ptext4                      text4        02AD
__ptext5                      text5        0455
__ptext6                      text6        044B
__ptext7                      text7        0226
__ptext8                      text8        0189
__ptext9                      text9        0426
__size_of_ConfigureOscillator (abs)        0000
__size_of_InitApp             (abs)        0000
__size_of___aldiv             (abs)        0000
__size_of___almod             (abs)        0000
__size_of___awdiv             (abs)        0000
__size_of___wmul              (abs)        0000
__size_of_delayOff            (abs)        0000
__size_of_delayOn             (abs)        0000
__size_of_digit               (abs)        0000
__size_of_incrementTime       (abs)        0000
__size_of_isr                 (abs)        0000
__size_of_light               (abs)        0000
__size_of_main                (abs)        0000
__size_of_pwm                 (abs)        0000
__size_of_showNumber          (abs)        0000
__size_of_timer               (abs)        0000
_delayOff                     text6        044B
_delayOn                      text5        0455
_digit                        text4        02AD
_incrementTime                text10       0408
_isr                          text15       0444
_light                        text3        0381
_main                         maintext     00D6
_nT1SYNC                      (abs)        0082
_pwm                          text9        0426
_showNumber                   text2        001D
_timer                        text1        0433
btemp                         (abs)        007E
digit@number                  cstackCOMMON 0072
end_of_initialization         cinit        001B
incrementTime@time            cstackCOMMON 0072
interrupt_function            intentry     0004
intlevel0                     functab      0000
intlevel1                     functab      0000
intlevel2                     functab      0000
intlevel3                     functab      0000
intlevel4                     functab      0000
intlevel5                     functab      0000
light@lamp                    cstackBANK0  0030
light@number                  cstackBANK0  0032
main@F523                     dataBANK0    0051
main@time                     cstackBANK0  0049
main@tmr_now                  cstackBANK0  0047
main@tmr_prev                 cstackBANK0  0045
reset_vec                     reset_vec    0000
saved_w                       (abs)        007E
showNumber@i                  cstackBANK0  003B
showNumber@number             cstackBANK0  0034
showNumber@time               cstackBANK0  0038
start                         init         000A
start_initialization          cinit        000B
wtemp0                        (abs)        007E


FUNCTION INFORMATION:

 *************** function _main *****************
 Defined at:
		line 142 in file "main.c"
 Parameters:    Size  Location     Type
		None
 Auto vars:     Size  Location     Type
  time            8   41[BANK0 ] struct Time
  tmr_now         2   39[BANK0 ] unsigned int 
  tmr_prev        2   37[BANK0 ] unsigned int 
 Return value:  Size  Location     Type
                  1    wreg      void 
 Registers used:
		wreg, fsr0l, fsr0h, status,2, status,0, pclath, cstack
 Tracked objects:
		On entry : 
		On exit  : 
		Unchanged: 
 Data sizes:     COMMON   BANK0   BANK1   BANK2
      Params:         0       0       0       0
      Locals:         0      12       0       0
      Temps:          0       8       0       0
      Totals:         0      20       0       0
Total ram usage:       20 bytes
 Hardware stack levels required when called:    4
 This function calls:
		_ConfigureOscillator
		_InitApp
		___awdiv
		___wmul
		_incrementTime
		_pwm
		_showNumber
		_timer
 This function is called by:
		Startup code after reset
 This function uses a non-reentrant model


 *************** function _timer *****************
 Defined at:
		line 42 in file "main.c"
 Parameters:    Size  Location     Type
		None
 Auto vars:     Size  Location     Type
		None
 Return value:  Size  Location     Type
                  1    wreg      void 
 Registers used:
		None
 Tracked objects:
		On entry : 
		On exit  : 
		Unchanged: 
 Data sizes:     COMMON   BANK0   BANK1   BANK2
      Params:         0       0       0       0
      Locals:         0       0       0       0
      Temps:          0       0       0       0
      Totals:         0       0       0       0
Total ram usage:        0 bytes
 Hardware stack levels used:    1
 Hardware stack levels required when called:    1
 This function calls:
		Nothing
 This function is called by:
		_main
 This function uses a non-reentrant model


 *************** function _showNumber *****************
 Defined at:
		line 91 in file "main.c"
 Parameters:    Size  Location     Type
  number          4   20[BANK0 ] long 
  time            2   24[BANK0 ] int 
 Auto vars:     Size  Location     Type
  i               2   27[BANK0 ] int 
 Return value:  Size  Location     Type
                  1    wreg      void 
 Registers used:
		wreg, fsr0l, fsr0h, status,2, status,0, pclath, cstack
 Tracked objects:
		On entry : 
		On exit  : 
		Unchanged: 
 Data sizes:     COMMON   BANK0   BANK1   BANK2
      Params:         0       6       0       0
      Locals:         0       2       0       0
      Temps:          0       1       0       0
      Totals:         0       9       0       0
Total ram usage:        9 bytes
 Hardware stack levels used:    1
 Hardware stack levels required when called:    3
 This function calls:
		___aldiv
		___almod
		_light
 This function is called by:
		_main
 This function uses a non-reentrant model


 *************** function _light *****************
 Defined at:
		line 79 in file "main.c"
 Parameters:    Size  Location     Type
  lamp            2   16[BANK0 ] int 
  number          2   18[BANK0 ] int 
 Auto vars:     Size  Location     Type
		None
 Return value:  Size  Location     Type
                  1    wreg      void 
 Registers used:
		wreg, fsr0l, fsr0h, status,2, status,0, pclath, cstack
 Tracked objects:
		On entry : 
		On exit  : 
		Unchanged: 
 Data sizes:     COMMON   BANK0   BANK1   BANK2
      Params:         0       4       0       0
      Locals:         0       0       0       0
      Temps:          0       0       0       0
      Totals:         0       4       0       0
Total ram usage:        4 bytes
 Hardware stack levels used:    1
 Hardware stack levels required when called:    2
 This function calls:
		_delayOff
		_delayOn
		_digit
 This function is called by:
		_showNumber
 This function uses a non-reentrant model


 *************** function _digit *****************
 Defined at:
		line 53 in file "main.c"
 Parameters:    Size  Location     Type
  number          2    2[COMMON] int 
 Auto vars:     Size  Location     Type
		None
 Return value:  Size  Location     Type
                  1    wreg      void 
 Registers used:
		wreg, fsr0l, fsr0h, status,2, status,0
 Tracked objects:
		On entry : 
		On exit  : 
		Unchanged: 
 Data sizes:     COMMON   BANK0   BANK1   BANK2
      Params:         2       0       0       0
      Locals:         0       0       0       0
      Temps:          0       0       0       0
      Totals:         2       0       0       0
Total ram usage:        2 bytes
 Hardware stack levels used:    1
 Hardware stack levels required when called:    1
 This function calls:
		Nothing
 This function is called by:
		_light
 This function uses a non-reentrant model


 *************** function _delayOn *****************
 Defined at:
		line 69 in file "main.c"
 Parameters:    Size  Location     Type
		None
 Auto vars:     Size  Location     Type
		None
 Return value:  Size  Location     Type
                  1    wreg      void 
 Registers used:
		None
 Tracked objects:
		On entry : 
		On exit  : 
		Unchanged: 
 Data sizes:     COMMON   BANK0   BANK1   BANK2
      Params:         0       0       0       0
      Locals:         0       0       0       0
      Temps:          0       0       0       0
      Totals:         0       0       0       0
Total ram usage:        0 bytes
 Hardware stack levels used:    1
 Hardware stack levels required when called:    1
 This function calls:
		Nothing
 This function is called by:
		_light
 This function uses a non-reentrant model


 *************** function _delayOff *****************
 Defined at:
		line 74 in file "main.c"
 Parameters:    Size  Location     Type
		None
 Auto vars:     Size  Location     Type
		None
 Return value:  Size  Location     Type
                  1    wreg      void 
 Registers used:
		wreg
 Tracked objects:
		On entry : 
		On exit  : 
		Unchanged: 
 Data sizes:     COMMON   BANK0   BANK1   BANK2
      Params:         0       0       0       0
      Locals:         0       0       0       0
      Temps:          1       0       0       0
      Totals:         1       0       0       0
Total ram usage:        1 bytes
 Hardware stack levels used:    1
 Hardware stack levels required when called:    1
 This function calls:
		Nothing
 This function is called by:
		_light
 This function uses a non-reentrant model


 *************** function ___almod *****************
 Defined at:
		line 5 in file "E:\Programms\Micro\pic\sources\c90\common\almod.c"
 Parameters:    Size  Location     Type
  divisor         4    6[BANK0 ] long 
  dividend        4   10[BANK0 ] long 
 Auto vars:     Size  Location     Type
  sign            1   15[BANK0 ] unsigned char 
  counter         1   14[BANK0 ] unsigned char 
 Return value:  Size  Location     Type
                  4    6[BANK0 ] long 
 Registers used:
		wreg, status,2, status,0
 Tracked objects:
		On entry : 
		On exit  : 
		Unchanged: 
 Data sizes:     COMMON   BANK0   BANK1   BANK2
      Params:         0       8       0       0
      Locals:         0       2       0       0
      Temps:          1       0       0       0
      Totals:         1      10       0       0
Total ram usage:       11 bytes
 Hardware stack levels used:    1
 Hardware stack levels required when called:    1
 This function calls:
		Nothing
 This function is called by:
		_showNumber
 This function uses a non-reentrant model


 *************** function ___aldiv *****************
 Defined at:
		line 5 in file "E:\Programms\Micro\pic\sources\c90\common\aldiv.c"
 Parameters:    Size  Location     Type
  divisor         4    2[COMMON] long 
  dividend        4    6[COMMON] long 
 Auto vars:     Size  Location     Type
  quotient        4    2[BANK0 ] long 
  sign            1    1[BANK0 ] unsigned char 
  counter         1    0[BANK0 ] unsigned char 
 Return value:  Size  Location     Type
                  4    2[COMMON] long 
 Registers used:
		wreg, status,2, status,0
 Tracked objects:
		On entry : 
		On exit  : 
		Unchanged: 
 Data sizes:     COMMON   BANK0   BANK1   BANK2
      Params:         8       0       0       0
      Locals:         0       6       0       0
      Temps:          1       0       0       0
      Totals:         9       6       0       0
Total ram usage:       15 bytes
 Hardware stack levels used:    1
 Hardware stack levels required when called:    1
 This function calls:
		Nothing
 This function is called by:
		_showNumber
 This function uses a non-reentrant model


 *************** function _pwm *****************
 Defined at:
		line 30 in file "main.c"
 Parameters:    Size  Location     Type
		None
 Auto vars:     Size  Location     Type
		None
 Return value:  Size  Location     Type
                  1    wreg      void 
 Registers used:
		wreg
 Tracked objects:
		On entry : 
		On exit  : 
		Unchanged: 
 Data sizes:     COMMON   BANK0   BANK1   BANK2
      Params:         0       0       0       0
      Locals:         0       0       0       0
      Temps:          0       0       0       0
      Totals:         0       0       0       0
Total ram usage:        0 bytes
 Hardware stack levels used:    1
 Hardware stack levels required when called:    1
 This function calls:
		Nothing
 This function is called by:
		_main
 This function uses a non-reentrant model


 *************** function _incrementTime *****************
 Defined at:
		line 113 in file "main.c"
 Parameters:    Size  Location     Type
  time            8    2[COMMON] struct Time
 Auto vars:     Size  Location     Type
		None
 Return value:  Size  Location     Type
                  8    2[COMMON] struct Time
 Registers used:
		wreg, status,2, status,0
 Tracked objects:
		On entry : 
		On exit  : 
		Unchanged: 
 Data sizes:     COMMON   BANK0   BANK1   BANK2
      Params:         8       0       0       0
      Locals:         0       0       0       0
      Temps:          1       0       0       0
      Totals:         9       0       0       0
Total ram usage:        9 bytes
 Hardware stack levels used:    1
 Hardware stack levels required when called:    1
 This function calls:
		Nothing
 This function is called by:
		_main
 This function uses a non-reentrant model


 *************** function ___wmul *****************
 Defined at:
		line 15 in file "E:\Programms\Micro\pic\sources\c90\common\Umul16.c"
 Parameters:    Size  Location     Type
  multiplier      2    2[COMMON] unsigned int 
  multiplicand    2    4[COMMON] unsigned int 
 Auto vars:     Size  Location     Type
  product         2    6[COMMON] unsigned int 
 Return value:  Size  Location     Type
                  2    2[COMMON] unsigned int 
 Registers used:
		wreg, status,2, status,0
 Tracked objects:
		On entry : 
		On exit  : 
		Unchanged: 
 Data sizes:     COMMON   BANK0   BANK1   BANK2
      Params:         4       0       0       0
      Locals:         2       0       0       0
      Temps:          0       0       0       0
      Totals:         6       0       0       0
Total ram usage:        6 bytes
 Hardware stack levels used:    1
 Hardware stack levels required when called:    1
 This function calls:
		Nothing
 This function is called by:
		_main
 This function uses a non-reentrant model


 *************** function ___awdiv *****************
 Defined at:
		line 5 in file "E:\Programms\Micro\pic\sources\c90\common\awdiv.c"
 Parameters:    Size  Location     Type
  divisor         2    2[COMMON] int 
  dividend        2    4[COMMON] int 
 Auto vars:     Size  Location     Type
  quotient        2    9[COMMON] int 
  sign            1    8[COMMON] unsigned char 
  counter         1    7[COMMON] unsigned char 
 Return value:  Size  Location     Type
                  2    2[COMMON] int 
 Registers used:
		wreg, status,2, status,0
 Tracked objects:
		On entry : 
		On exit  : 
		Unchanged: 
 Data sizes:     COMMON   BANK0   BANK1   BANK2
      Params:         4       0       0       0
      Locals:         4       0       0       0
      Temps:          1       0       0       0
      Totals:         9       0       0       0
Total ram usage:        9 bytes
 Hardware stack levels used:    1
 Hardware stack levels required when called:    1
 This function calls:
		Nothing
 This function is called by:
		_main
 This function uses a non-reentrant model


 *************** function _InitApp *****************
 Defined at:
		line 22 in file "user.c"
 Parameters:    Size  Location     Type
		None
 Auto vars:     Size  Location     Type
		None
 Return value:  Size  Location     Type
                  1    wreg      void 
 Registers used:
		status,2
 Tracked objects:
		On entry : 
		On exit  : 
		Unchanged: 
 Data sizes:     COMMON   BANK0   BANK1   BANK2
      Params:         0       0       0       0
      Locals:         0       0       0       0
      Temps:          0       0       0       0
      Totals:         0       0       0       0
Total ram usage:        0 bytes
 Hardware stack levels used:    1
 Hardware stack levels required when called:    1
 This function calls:
		Nothing
 This function is called by:
		_main
 This function uses a non-reentrant model


 *************** function _ConfigureOscillator *****************
 Defined at:
		line 20 in file "system.c"
 Parameters:    Size  Location     Type
		None
 Auto vars:     Size  Location     Type
		None
 Return value:  Size  Location     Type
                  1    wreg      void 
 Registers used:
		wreg
 Tracked objects:
		On entry : 
		On exit  : 
		Unchanged: 
 Data sizes:     COMMON   BANK0   BANK1   BANK2
      Params:         0       0       0       0
      Locals:         0       0       0       0
      Temps:          0       0       0       0
      Totals:         0       0       0       0
Total ram usage:        0 bytes
 Hardware stack levels used:    1
 Hardware stack levels required when called:    1
 This function calls:
		Nothing
 This function is called by:
		_main
 This function uses a non-reentrant model


 *************** function _isr *****************
 Defined at:
		line 23 in file "interrupts.c"
 Parameters:    Size  Location     Type
		None
 Auto vars:     Size  Location     Type
		None
 Return value:  Size  Location     Type
                  1    wreg      void 
 Registers used:
		None
 Tracked objects:
		On entry : 
		On exit  : 
		Unchanged: 
 Data sizes:     COMMON   BANK0   BANK1   BANK2
      Params:         0       0       0       0
      Locals:         0       0       0       0
      Temps:          2       0       0       0
      Totals:         2       0       0       0
Total ram usage:        2 bytes
 Hardware stack levels used:    1
 This function calls:
		Nothing
 This function is called by:
		Interrupt level 1
 This function uses a non-reentrant model



MODULE INFORMATION

Module		Function		Class		Link	Load	Size
interrupts.c
		_isr           		CODE           	0444	0000	8

interrupts.c estimated size: 8

E:\Programms\Micro\pic\sources\c90\common\Umul16.c
		___wmul        		CODE           	03E3	0000	38

E:\Programms\Micro\pic\sources\c90\common\Umul16.c estimated size: 38

E:\Programms\Micro\pic\sources\c90\common\almod.c
		___almod       		CODE           	0226	0000	136

E:\Programms\Micro\pic\sources\c90\common\almod.c estimated size: 136

shared
		__initialization		CODE           	000B	0000	17

shared estimated size: 17

E:\Programms\Micro\pic\sources\c90\common\awdiv.c
		___awdiv       		CODE           	031A	0000	104

E:\Programms\Micro\pic\sources\c90\common\awdiv.c estimated size: 104

E:\Programms\Micro\pic\sources\c90\common\aldiv.c
		___aldiv       		CODE           	0189	0000	158

E:\Programms\Micro\pic\sources\c90\common\aldiv.c estimated size: 158

user.c
		_InitApp       		CODE           	03B8	0000	44

user.c estimated size: 44

main.c
		_incrementTime 		CODE           	0408	0000	31
		_showNumber    		CODE           	001D	0000	186
		_main          		CODE           	00D6	0000	180
		_delayOff      		CODE           	044B	0000	6
		_pwm           		CODE           	0426	0000	14
		_timer         		CODE           	0433	0000	10
		_digit         		CODE           	02AD	0000	110
		_light         		CODE           	0381	0000	56
		_delayOn       		CODE           	0455	0000	2

main.c estimated size: 595

system.c
		_ConfigureOscillator		CODE           	0450	0000	6

system.c estimated size: 6

